
> client@0.0.0 build
> tsc -b && vite build

src/components/Delivery/admin/AdminDashboard.tsx(5,1): error TS6133: 'assets' is declared but its value is never read.
src/components/Delivery/admin/AdminDashboard.tsx(24,22): error TS2304: Cannot find name 'dummyAdminDashboardData'.
src/components/Delivery/admin/AdminDashboard.tsx(93,112): error TS2304: Cannot find name 'statusColors'.
src/components/Delivery/admin/AdminDeliveryPartners.tsx(3,1): error TS6133: 'Order' is declared but its value is never read.
src/components/Delivery/admin/AdminDeliveryPartners.tsx(3,10): error TS1484: 'Order' is a type and must be imported using a type-only import when 'verbatimModuleSyntax' is enabled.
src/components/Delivery/admin/AdminDeliveryPartners.tsx(5,1): error TS6133: 'assets' is declared but its value is never read.
src/components/Delivery/admin/AdminDeliveryPartners.tsx(8,46): error TS2304: Cannot find name 'DeliveryPartner'.
src/components/Delivery/admin/AdminDeliveryPartners.tsx(11,20): error TS6133: 'setSaving' is declared but its value is never read.
src/components/Delivery/admin/AdminDeliveryPartners.tsx(15,21): error TS2304: Cannot find name 'dummyDeliveryPartnerData'.
src/components/Delivery/admin/AdminOrders.tsx(4,1): error TS6133: 'Order' is declared but its value is never read.
src/components/Delivery/admin/AdminOrders.tsx(4,10): error TS1484: 'Order' is a type and must be imported using a type-only import when 'verbatimModuleSyntax' is enabled.
src/components/Delivery/admin/AdminOrders.tsx(6,1): error TS6133: 'assets' is declared but its value is never read.
src/components/Delivery/admin/AdminOrders.tsx(13,46): error TS2304: Cannot find name 'DeliveryPartner'.
src/components/Delivery/admin/AdminOrders.tsx(19,19): error TS2304: Cannot find name 'dummyDashboardOrdersData'.
src/components/Delivery/admin/AdminOrders.tsx(24,21): error TS2304: Cannot find name 'dummyDeliveryPartnerData'.
src/components/Delivery/admin/AdminProductForm.tsx(4,1): error TS6133: 'assets' is declared but its value is never read.
src/components/Delivery/admin/AdminProductForm.tsx(12,20): error TS6133: 'setSaving' is declared but its value is never read.
src/components/Delivery/admin/AdminProductForm.tsx(30,35): error TS2304: Cannot find name 'dummyProducts'.
src/components/Delivery/admin/AdminProductForm.tsx(30,55): error TS7006: Parameter 'p' implicitly has an 'any' type.
src/components/Delivery/admin/AdminProductForm.tsx(64,38): error TS2304: Cannot find name 'categoriesData'.
src/components/Delivery/admin/AdminProductForm.tsx(64,57): error TS7006: Parameter 'c' implicitly has an 'any' type.
src/components/Delivery/admin/AdminProducts.tsx(4,1): error TS6133: 'Order' is declared but its value is never read.
src/components/Delivery/admin/AdminProducts.tsx(4,10): error TS1484: 'Order' is a type and must be imported using a type-only import when 'verbatimModuleSyntax' is enabled.
src/components/Delivery/admin/AdminProducts.tsx(6,1): error TS6133: 'assets' is declared but its value is never read.
src/components/Delivery/admin/AdminProducts.tsx(12,46): error TS2304: Cannot find name 'Product'.
src/components/Delivery/admin/AdminProducts.tsx(16,21): error TS2304: Cannot find name 'dummyProducts'.
src/components/Delivery/delivery/DeliveryDashboard.tsx(7,10): error TS1484: 'Order' is a type and must be imported using a type-only import when 'verbatimModuleSyntax' is enabled.
src/components/Delivery/delivery/DeliveryDashboard.tsx(8,1): error TS6133: 'assets' is declared but its value is never read.
src/components/Delivery/delivery/DeliveryDashboard.tsx(28,19): error TS2304: Cannot find name 'dummyDashboardOrdersData'.
src/components/Delivery/delivery/DeliveryLayout.tsx(4,1): error TS6133: 'Order' is declared but its value is never read.
src/components/Delivery/delivery/DeliveryLayout.tsx(4,10): error TS1484: 'Order' is a type and must be imported using a type-only import when 'verbatimModuleSyntax' is enabled.
src/components/Delivery/delivery/DeliveryLayout.tsx(5,1): error TS6133: 'assets' is declared but its value is never read.
src/components/Delivery/delivery/DeliveryLayout.tsx(9,44): error TS2304: Cannot find name 'DeliveryPartner'.
src/components/Delivery/delivery/DeliveryLayout.tsx(12,20): error TS2304: Cannot find name 'dummyDeliveryPartnerData'.
src/components/Delivery/delivery/DeliveryLayout.tsx(12,51): error TS2304: Cannot find name 'DeliveryPartner'.
src/components/Delivery/delivery/DeliveryLogin.tsx(3,1): error TS6133: 'assets' is declared but its value is never read.
src/components/Delivery/delivery/DeliveryLogin.tsx(19,27): error TS2304: Cannot find name 'heroSectionData'.
src/components/Loading.tsx(1,10): error TS6133: 'Loader' is declared but its value is never read.
